// Jest Snapshot v1, https://goo.gl/fbAQLP

exports[`AppJs - renders correctly 1`] = `
<View
  style={
    Object {
      "flex": 1,
    }
  }
>
  <RNCSafeAreaView
    onInsetsChange={[Function]}
    style={
      Object {
        "flex": 1,
      }
    }
  >
    <View
      onLayout={[Function]}
      style={
        Object {
          "flex": 1,
          "overflow": "hidden",
        }
      }
    >
      <View
        pointerEvents="box-none"
        style={
          Object {
            "bottom": 0,
            "left": 0,
            "position": "absolute",
            "right": 0,
            "top": 0,
          }
        }
      >
        <View
          accessibilityElementsHidden={false}
          closing={false}
          gestureVelocityImpact={0.3}
          importantForAccessibility="auto"
          onClose={[Function]}
          onGestureBegin={[Function]}
          onGestureCanceled={[Function]}
          onOpen={[Function]}
          onTransitionStart={[Function]}
          pointerEvents="box-none"
          style={
            Object {
              "bottom": 0,
              "left": 0,
              "position": "absolute",
              "right": 0,
              "top": 0,
            }
          }
          transitionSpec={
            Object {
              "close": Object {
                "animation": "spring",
                "config": Object {
                  "damping": 500,
                  "mass": 3,
                  "overshootClamping": true,
                  "restDisplacementThreshold": 0.01,
                  "restSpeedThreshold": 0.01,
                  "stiffness": 1000,
                },
              },
              "open": Object {
                "animation": "spring",
                "config": Object {
                  "damping": 500,
                  "mass": 3,
                  "overshootClamping": true,
                  "restDisplacementThreshold": 0.01,
                  "restSpeedThreshold": 0.01,
                  "stiffness": 1000,
                },
              },
            }
          }
        >
          <View
            pointerEvents="box-none"
            style={
              Object {
                "flex": 1,
              }
            }
          >
            <View
              collapsable={false}
              onGestureHandlerEvent={[Function]}
              onGestureHandlerStateChange={[Function]}
              style={
                Object {
                  "flex": 1,
                  "transform": Array [
                    Object {
                      "translateX": 0,
                    },
                    Object {
                      "translateX": 0,
                    },
                  ],
                }
              }
            >
              <View
                pointerEvents="none"
                style={
                  Object {
                    "backgroundColor": "rgb(242, 242, 242)",
                    "bottom": 0,
                    "left": 0,
                    "position": "absolute",
                    "shadowColor": "#000",
                    "shadowOffset": Object {
                      "height": 1,
                      "width": -1,
                    },
                    "shadowOpacity": 0.3,
                    "shadowRadius": 5,
                    "top": 0,
                    "width": 3,
                  }
                }
              />
              <View
                style={
                  Array [
                    Object {
                      "flex": 1,
                      "overflow": "hidden",
                    },
                    Array [
                      Object {
                        "backgroundColor": "rgb(242, 242, 242)",
                      },
                      undefined,
                    ],
                  ]
                }
              >
                <View
                  style={
                    Object {
                      "flex": 1,
                      "flexDirection": "column-reverse",
                    }
                  }
                >
                  <View
                    style={
                      Object {
                        "flex": 1,
                      }
                    }
                  >
                    <View
                      style={
                        Object {
                          "flex": 1,
                          "flexDirection": "column",
                          "justifyContent": "flex-start",
                        }
                      }
                    >
                      <ViewManagerAdapter_ExpoLinearGradient
                        proxiedProperties={
                          Object {
                            "colors": Array [
                              4293024281,
                              4294936141,
                              4294679921,
                            ],
                            "endPoint": undefined,
                            "locations": undefined,
                            "startPoint": undefined,
                          }
                        }
                        style={
                          Object {
                            "flex": 1,
                          }
                        }
                      >
                        <View
                          style={
                            Object {
                              "flex": 1,
                              "paddingTop": 30,
                            }
                          }
                        >
                          <View
                            style={
                              Object {
                                "flex": 1,
                                "flexDirection": "column",
                                "justifyContent": "center",
                              }
                            }
                          >
                            <View
                              style={
                                Object {
                                  "alignItems": "center",
                                  "flex": 0.4,
                                  "justifyContent": "flex-end",
                                }
                              }
                            >
                              <Image
                                source={1}
                                style={
                                  Object {
                                    "height": 240,
                                    "width": 240,
                                  }
                                }
                              />
                            </View>
                            <View
                              style={
                                Object {
                                  "flex": 0.4,
                                  "justifyContent": "center",
                                }
                              }
                            >
                              <View
                                accessible={true}
                                focusable={true}
                                isTVSelectable={true}
                                onClick={[Function]}
                                onResponderGrant={[Function]}
                                onResponderMove={[Function]}
                                onResponderRelease={[Function]}
                                onResponderTerminate={[Function]}
                                onResponderTerminationRequest={[Function]}
                                onStartShouldSetResponder={[Function]}
                                style={
                                  Object {
                                    "alignItems": "center",
                                    "backgroundColor": "#DEDEDE",
                                    "borderRadius": 6,
                                    "flexDirection": "row",
                                    "justifyContent": "space-between",
                                    "margin": 5,
                                    "maxWidth": 400,
                                    "minHeight": 40,
                                    "opacity": 1,
                                    "paddingLeft": 10,
                                    "paddingRight": 10,
                                  }
                                }
                              >
                                <View>
                                  <View
                                    style={
                                      Object {
                                        "alignItems": "center",
                                        "backgroundColor": "transparent",
                                        "justifyContent": "center",
                                      }
                                    }
                                    theme={
                                      Object {
                                        "colors": Object {
                                          "disabled": "hsl(208, 8%, 90%)",
                                          "divider": "#bcbbc1",
                                          "error": "#ff190c",
                                          "grey0": "#393e42",
                                          "grey1": "#43484d",
                                          "grey2": "#5e6977",
                                          "grey3": "#86939e",
                                          "grey4": "#bdc6cf",
                                          "grey5": "#e1e8ee",
                                          "greyOutline": "#bbb",
                                          "platform": Object {
                                            "android": Object {
                                              "error": "#f44336",
                                              "primary": "#2196f3",
                                              "secondary": "#9C27B0",
                                              "success": "#4caf50",
                                              "warning": "#ffeb3b",
                                            },
                                            "ios": Object {
                                              "error": "#ff3b30",
                                              "primary": "#007aff",
                                              "secondary": "#5856d6",
                                              "success": "#4cd964",
                                              "warning": "#ffcc00",
                                            },
                                          },
                                          "primary": "#2089dc",
                                          "searchBg": "#303337",
                                          "secondary": "#8F0CE8",
                                          "success": "#52c41a",
                                          "warning": "#faad14",
                                        },
                                      }
                                    }
                                    underlayColor="white"
                                  >
                                    <Text />
                                  </View>
                                </View>
                                <Text
                                  style={
                                    Object {
                                      "color": "#152654",
                                      "fontSize": 20,
                                      "textAlign": "center",
                                    }
                                  }
                                  type="clear"
                                >
                                  Login
                                </Text>
                                <View>
                                  <View
                                    style={
                                      Object {
                                        "alignItems": "center",
                                        "backgroundColor": "transparent",
                                        "justifyContent": "center",
                                      }
                                    }
                                    theme={
                                      Object {
                                        "colors": Object {
                                          "disabled": "hsl(208, 8%, 90%)",
                                          "divider": "#bcbbc1",
                                          "error": "#ff190c",
                                          "grey0": "#393e42",
                                          "grey1": "#43484d",
                                          "grey2": "#5e6977",
                                          "grey3": "#86939e",
                                          "grey4": "#bdc6cf",
                                          "grey5": "#e1e8ee",
                                          "greyOutline": "#bbb",
                                          "platform": Object {
                                            "android": Object {
                                              "error": "#f44336",
                                              "primary": "#2196f3",
                                              "secondary": "#9C27B0",
                                              "success": "#4caf50",
                                              "warning": "#ffeb3b",
                                            },
                                            "ios": Object {
                                              "error": "#ff3b30",
                                              "primary": "#007aff",
                                              "secondary": "#5856d6",
                                              "success": "#4cd964",
                                              "warning": "#ffcc00",
                                            },
                                          },
                                          "primary": "#2089dc",
                                          "searchBg": "#303337",
                                          "secondary": "#8F0CE8",
                                          "success": "#52c41a",
                                          "warning": "#faad14",
                                        },
                                      }
                                    }
                                    underlayColor="white"
                                  >
                                    <Text />
                                  </View>
                                </View>
                              </View>
                              <View
                                accessible={true}
                                focusable={true}
                                isTVSelectable={true}
                                onClick={[Function]}
                                onResponderGrant={[Function]}
                                onResponderMove={[Function]}
                                onResponderRelease={[Function]}
                                onResponderTerminate={[Function]}
                                onResponderTerminationRequest={[Function]}
                                onStartShouldSetResponder={[Function]}
                                style={
                                  Object {
                                    "alignItems": "center",
                                    "backgroundColor": "#DEDEDE",
                                    "borderRadius": 6,
                                    "flexDirection": "row",
                                    "justifyContent": "space-between",
                                    "margin": 5,
                                    "maxWidth": 400,
                                    "minHeight": 40,
                                    "opacity": 1,
                                    "paddingLeft": 10,
                                    "paddingRight": 10,
                                  }
                                }
                              >
                                <View>
                                  <View
                                    style={
                                      Object {
                                        "alignItems": "center",
                                        "backgroundColor": "transparent",
                                        "justifyContent": "center",
                                      }
                                    }
                                    theme={
                                      Object {
                                        "colors": Object {
                                          "disabled": "hsl(208, 8%, 90%)",
                                          "divider": "#bcbbc1",
                                          "error": "#ff190c",
                                          "grey0": "#393e42",
                                          "grey1": "#43484d",
                                          "grey2": "#5e6977",
                                          "grey3": "#86939e",
                                          "grey4": "#bdc6cf",
                                          "grey5": "#e1e8ee",
                                          "greyOutline": "#bbb",
                                          "platform": Object {
                                            "android": Object {
                                              "error": "#f44336",
                                              "primary": "#2196f3",
                                              "secondary": "#9C27B0",
                                              "success": "#4caf50",
                                              "warning": "#ffeb3b",
                                            },
                                            "ios": Object {
                                              "error": "#ff3b30",
                                              "primary": "#007aff",
                                              "secondary": "#5856d6",
                                              "success": "#4cd964",
                                              "warning": "#ffcc00",
                                            },
                                          },
                                          "primary": "#2089dc",
                                          "searchBg": "#303337",
                                          "secondary": "#8F0CE8",
                                          "success": "#52c41a",
                                          "warning": "#faad14",
                                        },
                                      }
                                    }
                                    underlayColor="white"
                                  >
                                    <Text />
                                  </View>
                                </View>
                                <Text
                                  style={
                                    Object {
                                      "color": "#152654",
                                      "fontSize": 20,
                                      "textAlign": "center",
                                    }
                                  }
                                  type="clear"
                                >
                                  Sign In
                                </Text>
                                <View>
                                  <View
                                    style={
                                      Object {
                                        "alignItems": "center",
                                        "backgroundColor": "transparent",
                                        "justifyContent": "center",
                                      }
                                    }
                                    theme={
                                      Object {
                                        "colors": Object {
                                          "disabled": "hsl(208, 8%, 90%)",
                                          "divider": "#bcbbc1",
                                          "error": "#ff190c",
                                          "grey0": "#393e42",
                                          "grey1": "#43484d",
                                          "grey2": "#5e6977",
                                          "grey3": "#86939e",
                                          "grey4": "#bdc6cf",
                                          "grey5": "#e1e8ee",
                                          "greyOutline": "#bbb",
                                          "platform": Object {
                                            "android": Object {
                                              "error": "#f44336",
                                              "primary": "#2196f3",
                                              "secondary": "#9C27B0",
                                              "success": "#4caf50",
                                              "warning": "#ffeb3b",
                                            },
                                            "ios": Object {
                                              "error": "#ff3b30",
                                              "primary": "#007aff",
                                              "secondary": "#5856d6",
                                              "success": "#4cd964",
                                              "warning": "#ffcc00",
                                            },
                                          },
                                          "primary": "#2089dc",
                                          "searchBg": "#303337",
                                          "secondary": "#8F0CE8",
                                          "success": "#52c41a",
                                          "warning": "#faad14",
                                        },
                                      }
                                    }
                                    underlayColor="white"
                                  >
                                    <Text />
                                  </View>
                                </View>
                              </View>
                            </View>
                            <View
                              style={
                                Object {
                                  "alignItems": "center",
                                  "flex": 0.2,
                                  "justifyContent": "flex-end",
                                }
                              }
                            >
                              <Text
                                style={
                                  Object {
                                    "color": "#696969",
                                    "fontSize": 8,
                                  }
                                }
                              >
                                Romain GADRAT - Thomas GUICHARD - Artem VATOUTINE
                              </Text>
                            </View>
                          </View>
                        </View>
                      </ViewManagerAdapter_ExpoLinearGradient>
                    </View>
                  </View>
                </View>
              </View>
            </View>
          </View>
        </View>
      </View>
    </View>
    <View
      pointerEvents="box-none"
      style={
        Object {
          "left": 0,
          "position": "absolute",
          "right": 0,
          "top": 0,
        }
      }
    >
      <View
        accessibilityElementsHidden={false}
        importantForAccessibility="auto"
        onLayout={[Function]}
        pointerEvents="box-none"
        style={null}
      />
    </View>
  </RNCSafeAreaView>
</View>
`;

exports[`CocktailCard - renders correctly 1`] = `
<View
  style={
    Object {
      "flex": 1,
      "justifyContent": "center",
    }
  }
>
  <ActivityIndicator
    animating={true}
    color="#0000ff"
    hidesWhenStopped={true}
    size="large"
  />
</View>
`;

exports[`LoadingIcon - renders correctly 1`] = `
<View
  style={
    Object {
      "flex": 1,
      "justifyContent": "center",
    }
  }
>
  <ActivityIndicator
    animating={true}
    color="#0000ff"
    hidesWhenStopped={true}
    size="large"
  />
</View>
`;
